{"event": "RUN_START", "stage": "training", "created_utc": "2026-09-30T19:21:19.039305+00:00"}
{"event": "TRAINING_CONFIGURATION", "smoke_test": false, "device": "cuda", "gpu": {"name": "NVIDIA A100-SXM4-40GB", "total_memory_mib": 40441.375}, "precision": "bf16", "epochs": 10, "start_epoch": 1, "train_sequences": 100000, "validation_sequences": 10000, "parameters": 3273824, "updates_per_epoch": 1563, "total_planned_updates": 15630}
{"event": "STEP", "epoch": 1, "update": 1, "batch": 1, "loss": 4.642727375030518, "learning_rate": 1.9193857965451053e-07, "gradient_norm_before_clipping": 3.264669179916382}
{"event": "STEP", "epoch": 1, "update": 100, "batch": 100, "loss": 3.7021372318267822, "learning_rate": 1.9193857965451055e-05, "gradient_norm_before_clipping": 2.537919521331787}
{"event": "STEP", "epoch": 1, "update": 200, "batch": 200, "loss": 2.8452348709106445, "learning_rate": 3.838771593090211e-05, "gradient_norm_before_clipping": 0.8515198230743408}
{"event": "STEP", "epoch": 1, "update": 300, "batch": 300, "loss": 2.5062689781188965, "learning_rate": 5.7581573896353166e-05, "gradient_norm_before_clipping": 0.3727872967720032}
{"event": "STEP", "epoch": 1, "update": 400, "batch": 400, "loss": 2.369746446609497, "learning_rate": 7.677543186180422e-05, "gradient_norm_before_clipping": 0.3292364478111267}
{"event": "STEP", "epoch": 1, "update": 500, "batch": 500, "loss": 2.33730149269104, "learning_rate": 9.596928982725527e-05, "gradient_norm_before_clipping": 0.42631909251213074}
{"event": "STEP", "epoch": 1, "update": 600, "batch": 600, "loss": 2.3108303546905518, "learning_rate": 0.00011516314779270633, "gradient_norm_before_clipping": 0.48419269919395447}
{"event": "STEP", "epoch": 1, "update": 700, "batch": 700, "loss": 2.275907516479492, "learning_rate": 0.0001343570057581574, "gradient_norm_before_clipping": 0.3953920304775238}
{"event": "STEP", "epoch": 1, "update": 800, "batch": 800, "loss": 2.2487783432006836, "learning_rate": 0.00015355086372360844, "gradient_norm_before_clipping": 0.3912383019924164}
{"event": "STEP", "epoch": 1, "update": 900, "batch": 900, "loss": 2.2028024196624756, "learning_rate": 0.00017274472168905946, "gradient_norm_before_clipping": 0.5497199296951294}
{"event": "STEP", "epoch": 1, "update": 1000, "batch": 1000, "loss": 2.097929000854492, "learning_rate": 0.00019193857965451054, "gradient_norm_before_clipping": 0.424195796251297}
{"event": "STEP", "epoch": 1, "update": 1100, "batch": 1100, "loss": 2.0216004848480225, "learning_rate": 0.0002111324376199616, "gradient_norm_before_clipping": 0.5660960674285889}
{"event": "STEP", "epoch": 1, "update": 1200, "batch": 1200, "loss": 1.953871488571167, "learning_rate": 0.00023032629558541266, "gradient_norm_before_clipping": 0.7111364006996155}
{"event": "STEP", "epoch": 1, "update": 1300, "batch": 1300, "loss": 1.9117032289505005, "learning_rate": 0.0002495201535508637, "gradient_norm_before_clipping": 0.9713784456253052}
{"event": "STEP", "epoch": 1, "update": 1400, "batch": 1400, "loss": 1.8146042823791504, "learning_rate": 0.0002687140115163148, "gradient_norm_before_clipping": 0.6690784096717834}
{"event": "STEP", "epoch": 1, "update": 1500, "batch": 1500, "loss": 1.7742481231689453, "learning_rate": 0.0002879078694817658, "gradient_norm_before_clipping": 0.8562015295028687}
{"event": "STEP", "epoch": 1, "update": 1563, "batch": 1563, "loss": 1.72115159034729, "learning_rate": 0.0003, "gradient_norm_before_clipping": 0.7337178587913513}
{"event": "EPOCH_COMPLETE", "epoch": 1, "training_loss": 2.3592807141113283, "validation_loss": 1.6027738502502442, "validation_accuracy": 0.512561328125, "training_examples": 100000, "training_tokens": 25600000, "training_seconds": 43.78509973600012, "validation_seconds": 1.470333614000083, "training_tokens_per_second": 584673.7852455244, "updates": 1563}
{"event": "STEP", "epoch": 2, "update": 1564, "batch": 1, "loss": 1.6895341873168945, "learning_rate": 0.00029999999663333, "gradient_norm_before_clipping": 0.8126052021980286}
{"event": "STEP", "epoch": 2, "update": 1663, "batch": 100, "loss": 1.6337363719940186, "learning_rate": 0.0002999663346997397, "gradient_norm_before_clipping": 0.6910644173622131}
{"event": "STEP", "epoch": 2, "update": 1763, "batch": 200, "loss": 1.5720890760421753, "learning_rate": 0.0002998653555893654, "gradient_norm_before_clipping": 0.7668382525444031}
{"event": "STEP", "epoch": 2, "update": 1863, "batch": 300, "loss": 1.5570383071899414, "learning_rate": 0.0002996971130317227, "gradient_norm_before_clipping": 0.748643159866333}
{"event": "STEP", "epoch": 2, "update": 1963, "batch": 400, "loss": 1.5353423357009888, "learning_rate": 0.0002994616909369776, "gradient_norm_before_clipping": 0.9387646913528442}
{"event": "STEP", "epoch": 2, "update": 2063, "batch": 500, "loss": 1.4782536029815674, "learning_rate": 0.00029915920672076747, "gradient_norm_before_clipping": 0.813372015953064}
{"event": "STEP", "epoch": 2, "update": 2163, "batch": 600, "loss": 1.4315063953399658, "learning_rate": 0.0002987898112456397, "gradient_norm_before_clipping": 0.8215580582618713}
{"event": "STEP", "epoch": 2, "update": 2263, "batch": 700, "loss": 1.430769920349121, "learning_rate": 0.0002983536887458105, "gradient_norm_before_clipping": 0.8874056935310364}
{"event": "STEP", "epoch": 2, "update": 2363, "batch": 800, "loss": 1.3573850393295288, "learning_rate": 0.0002978510567352785, "gradient_norm_before_clipping": 0.7060739994049072}
{"event": "STEP", "epoch": 2, "update": 2463, "batch": 900, "loss": 1.3602879047393799, "learning_rate": 0.00029728216589934066, "gradient_norm_before_clipping": 0.6468126773834229}
{"event": "STEP", "epoch": 2, "update": 2563, "batch": 1000, "loss": 1.3600788116455078, "learning_rate": 0.0002966472999695647, "gradient_norm_before_clipping": 0.604472279548645}
{"event": "STEP", "epoch": 2, "update": 2663, "batch": 1100, "loss": 1.3041882514953613, "learning_rate": 0.00029594677558227863, "gradient_norm_before_clipping": 0.7076213955879211}
{"event": "STEP", "epoch": 2, "update": 2763, "batch": 1200, "loss": 1.322373390197754, "learning_rate": 0.0002951809421206505, "gradient_norm_before_clipping": 0.6165257096290588}
{"event": "STEP", "epoch": 2, "update": 2863, "batch": 1300, "loss": 1.296386480331421, "learning_rate": 0.00029435018154043484, "gradient_norm_before_clipping": 0.6798491477966309}
{"event": "STEP", "epoch": 2, "update": 2963, "batch": 1400, "loss": 1.2668955326080322, "learning_rate": 0.00029345490817947424, "gradient_norm_before_clipping": 0.6105855107307434}
{"event": "STEP", "epoch": 2, "update": 3063, "batch": 1500, "loss": 1.2494750022888184, "learning_rate": 0.00029249556855105057, "gradient_norm_before_clipping": 0.6677085161209106}
{"event": "STEP", "epoch": 2, "update": 3126, "batch": 1563, "loss": 1.2551954984664917, "learning_rate": 0.0002918585038060976, "gradient_norm_before_clipping": 0.7296136617660522}
{"event": "EPOCH_COMPLETE", "epoch": 2, "training_loss": 1.4227245476150512, "validation_loss": 1.161165592956543, "validation_accuracy": 0.639714453125, "training_examples": 100000, "training_tokens": 25600000, "training_seconds": 43.14748912900018, "validation_seconds": 1.454893605000052, "training_tokens_per_second": 593313.7829518287, "updates": 3126}
{"event": "STEP", "epoch": 3, "update": 3127, "batch": 1, "loss": 1.2425642013549805, "learning_rate": 0.0002918481888578109, "gradient_norm_before_clipping": 0.7455558180809021}
{"event": "STEP", "epoch": 3, "update": 3226, "batch": 100, "loss": 1.273533821105957, "learning_rate": 0.0002907957760154214, "gradient_norm_before_clipping": 0.6538621783256531}
{"event": "STEP", "epoch": 3, "update": 3326, "batch": 200, "loss": 1.2499146461486816, "learning_rate": 0.00028967030818665584, "gradient_norm_before_clipping": 0.7261350154876709}
{"event": "STEP", "epoch": 3, "update": 3426, "batch": 300, "loss": 1.186781644821167, "learning_rate": 0.0002884826616414659, "gradient_norm_before_clipping": 0.6389512419700623}
{"event": "STEP", "epoch": 3, "update": 3526, "batch": 400, "loss": 1.2088664770126343, "learning_rate": 0.00028723342871285235, "gradient_norm_before_clipping": 0.7361757755279541}
{"event": "STEP", "epoch": 3, "update": 3626, "batch": 500, "loss": 1.1812963485717773, "learning_rate": 0.00028592323244972824, "gradient_norm_before_clipping": 0.5706213116645813}
{"event": "STEP", "epoch": 3, "update": 3726, "batch": 600, "loss": 1.169602870941162, "learning_rate": 0.00028455272630617653, "gradient_norm_before_clipping": 0.6948226094245911}
{"event": "STEP", "epoch": 3, "update": 3826, "batch": 700, "loss": 1.1726791858673096, "learning_rate": 0.00028312259381554287, "gradient_norm_before_clipping": 0.6255241632461548}
{"event": "STEP", "epoch": 3, "update": 3926, "batch": 800, "loss": 1.1713488101959229, "learning_rate": 0.0002816335482495267, "gradient_norm_before_clipping": 0.5824337005615234}
{"event": "STEP", "epoch": 3, "update": 4026, "batch": 900, "loss": 1.1471209526062012, "learning_rate": 0.0002800863322624403, "gradient_norm_before_clipping": 0.6329213976860046}
{"event": "STEP", "epoch": 3, "update": 4126, "batch": 1000, "loss": 1.148085355758667, "learning_rate": 0.00027848171752081356, "gradient_norm_before_clipping": 0.6574331521987915}
{"event": "STEP", "epoch": 3, "update": 4226, "batch": 1100, "loss": 1.1358875036239624, "learning_rate": 0.0002768205043185293, "gradient_norm_before_clipping": 0.6141743659973145}
{"event": "STEP", "epoch": 3, "update": 4326, "batch": 1200, "loss": 1.160918951034546, "learning_rate": 0.0002751035211776799, "gradient_norm_before_clipping": 0.7063906192779541}
{"event": "STEP", "epoch": 3, "update": 4426, "batch": 1300, "loss": 1.1288106441497803, "learning_rate": 0.0002733316244353468, "gradient_norm_before_clipping": 0.5984734296798706}
{"event": "STEP", "epoch": 3, "update": 4526, "batch": 1400, "loss": 1.1241633892059326, "learning_rate": 0.0002715056978165055, "gradient_norm_before_clipping": 0.5913400053977966}
{"event": "STEP", "epoch": 3, "update": 4626, "batch": 1500, "loss": 1.0986956357955933, "learning_rate": 0.0002696266519932728, "gradient_norm_before_clipping": 0.7024147510528564}
{"event": "STEP", "epoch": 3, "update": 4689, "batch": 1563, "loss": 1.0913628339767456, "learning_rate": 0.00026841599982106197, "gradient_norm_before_clipping": 0.7157578468322754}
{"event": "EPOCH_COMPLETE", "epoch": 3, "training_loss": 1.1808680772018432, "validation_loss": 1.0347466312408446, "validation_accuracy": 0.6768015625, "training_examples": 100000, "training_tokens": 25600000, "training_seconds": 43.25408520300016, "validation_seconds": 1.4516988159998618, "training_tokens_per_second": 591851.6107751217, "updates": 4689}
{"event": "STEP", "epoch": 4, "update": 4690, "batch": 1, "loss": 1.104512333869934, "learning_rate": 0.0002683966174261543, "gradient_norm_before_clipping": 0.6172388792037964}
{"event": "STEP", "epoch": 4, "update": 4789, "batch": 100, "loss": 1.112869143486023, "learning_rate": 0.0002664523901957172, "gradient_norm_before_clipping": 0.6163135766983032}
{"event": "STEP", "epoch": 4, "update": 4889, "batch": 200, "loss": 1.1181902885437012, "learning_rate": 0.00026443818167884556, "gradient_norm_before_clipping": 0.6019862294197083}
{"event": "STEP", "epoch": 4, "update": 4989, "batch": 300, "loss": 1.1071580648422241, "learning_rate": 0.0002623743788472547, "gradient_norm_before_clipping": 0.7369877099990845}
{"event": "STEP", "epoch": 4, "update": 5089, "batch": 400, "loss": 1.1164568662643433, "learning_rate": 0.0002602620110126778, "gradient_norm_before_clipping": 0.6106234192848206}
{"event": "STEP", "epoch": 4, "update": 5189, "batch": 500, "loss": 1.0865395069122314, "learning_rate": 0.00025810213170841, "gradient_norm_before_clipping": 0.6591721773147583}
{"event": "STEP", "epoch": 4, "update": 5289, "batch": 600, "loss": 1.1003848314285278, "learning_rate": 0.0002558958181638631, "gradient_norm_before_clipping": 0.5973658561706543}
{"event": "STEP", "epoch": 4, "update": 5389, "batch": 700, "loss": 1.118042230606079, "learning_rate": 0.00025364417076730316, "gradient_norm_before_clipping": 0.6301671266555786}
{"event": "STEP", "epoch": 4, "update": 5489, "batch": 800, "loss": 1.1020859479904175, "learning_rate": 0.0002513483125170364, "gradient_norm_before_clipping": 0.6192430853843689}
{"event": "STEP", "epoch": 4, "update": 5589, "batch": 900, "loss": 1.054267406463623, "learning_rate": 0.00024900938846132, "gradient_norm_before_clipping": 0.6340703964233398}
{"event": "STEP", "epoch": 4, "update": 5689, "batch": 1000, "loss": 1.0728678703308105, "learning_rate": 0.0002466285651272742, "gradient_norm_before_clipping": 0.6497994661331177}
{"event": "STEP", "epoch": 4, "update": 5789, "batch": 1100, "loss": 1.0920190811157227, "learning_rate": 0.00024420702993908287, "gradient_norm_before_clipping": 0.6597493886947632}
{"event": "STEP", "epoch": 4, "update": 5889, "batch": 1200, "loss": 1.0556490421295166, "learning_rate": 0.00024174599062577122, "gradient_norm_before_clipping": 0.5723202228546143}
{"event": "STEP", "epoch": 4, "update": 5989, "batch": 1300, "loss": 1.06161630153656, "learning_rate": 0.00023924667461885674, "gradient_norm_before_clipping": 0.6304964423179626}
{"event": "STEP", "epoch": 4, "update": 6089, "batch": 1400, "loss": 1.055543303489685, "learning_rate": 0.00023671032844017385, "gradient_norm_before_clipping": 0.5863860249519348}
{"event": "STEP", "epoch": 4, "update": 6189, "batch": 1500, "loss": 1.0535814762115479, "learning_rate": 0.00023413821708017686, "gradient_norm_before_clipping": 0.5947830677032471}
{"event": "STEP", "epoch": 4, "update": 6252, "batch": 1563, "loss": 1.0156338214874268, "learning_rate": 0.00023249999999999996, "gradient_norm_before_clipping": 0.8114288449287415}
{"event": "EPOCH_COMPLETE", "epoch": 4, "training_loss": 1.0849784162902831, "validation_loss": 0.9700575555801392, "validation_accuracy": 0.696087109375, "training_examples": 100000, "training_tokens": 25600000, "training_seconds": 43.250524727000084, "validation_seconds": 1.4524739280000176, "training_tokens_per_second": 591900.3332696827, "updates": 6252}
{"event": "STEP", "epoch": 5, "update": 6253, "batch": 1, "loss": 1.0655049085617065, "learning_rate": 0.00023247388796135082, "gradient_norm_before_clipping": 0.605526864528656}
{"event": "STEP", "epoch": 5, "update": 6352, "batch": 100, "loss": 1.044776201248169, "learning_rate": 0.00022987234884059478, "gradient_norm_before_clipping": 0.6239772439002991}
{"event": "STEP", "epoch": 5, "update": 6452, "batch": 200, "loss": 1.0438567399978638, "learning_rate": 0.0002272123429093036, "gradient_norm_before_clipping": 0.6618659496307373}
{"event": "STEP", "epoch": 5, "update": 6552, "batch": 300, "loss": 1.042421817779541, "learning_rate": 0.0002245213088712874, "gradient_norm_before_clipping": 0.5928434133529663}
{"event": "STEP", "epoch": 5, "update": 6652, "batch": 400, "loss": 1.0495891571044922, "learning_rate": 0.00022180058886682615, "gradient_norm_before_clipping": 0.6781207323074341}
{"event": "STEP", "epoch": 5, "update": 6752, "batch": 500, "loss": 1.0129790306091309, "learning_rate": 0.00021905153984193296, "gradient_norm_before_clipping": 0.6196750998497009}
{"event": "STEP", "epoch": 5, "update": 6852, "batch": 600, "loss": 1.057394027709961, "learning_rate": 0.00021627553287158332, "gradient_norm_before_clipping": 0.6256354451179504}
{"event": "STEP", "epoch": 5, "update": 6952, "batch": 700, "loss": 1.0136895179748535, "learning_rate": 0.0002134739524758985, "gradient_norm_before_clipping": 0.7413094639778137}
{"event": "STEP", "epoch": 5, "update": 7052, "batch": 800, "loss": 1.0559844970703125, "learning_rate": 0.0002106481959296225, "gradient_norm_before_clipping": 0.6094211339950562}
{"event": "STEP", "epoch": 5, "update": 7152, "batch": 900, "loss": 1.0311999320983887, "learning_rate": 0.00020779967256523822, "gradient_norm_before_clipping": 0.5744980573654175}
{"event": "STEP", "epoch": 5, "update": 7252, "batch": 1000, "loss": 1.0330355167388916, "learning_rate": 0.00020492980307006944, "gradient_norm_before_clipping": 0.6104302406311035}
{"event": "STEP", "epoch": 5, "update": 7352, "batch": 1100, "loss": 1.0113550424575806, "learning_rate": 0.00020204001877772014, "gradient_norm_before_clipping": 0.6179654002189636}
{"event": "STEP", "epoch": 5, "update": 7452, "batch": 1200, "loss": 0.9921430945396423, "learning_rate": 0.00019913176095420347, "gradient_norm_before_clipping": 0.5489839911460876}
{"event": "STEP", "epoch": 5, "update": 7552, "batch": 1300, "loss": 1.0511963367462158, "learning_rate": 0.0001962064800791174, "gradient_norm_before_clipping": 0.5803321003913879}
{"event": "STEP", "epoch": 5, "update": 7652, "batch": 1400, "loss": 1.0212668180465698, "learning_rate": 0.00019326563512222491, "gradient_norm_before_clipping": 0.5894268751144409}
{"event": "STEP", "epoch": 5, "update": 7752, "batch": 1500, "loss": 1.0210623741149902, "learning_rate": 0.00019031069281580008, "gradient_norm_before_clipping": 0.5855818390846252}
{"event": "STEP", "epoch": 5, "update": 7815, "batch": 1563, "loss": 0.9828402996063232, "learning_rate": 0.0001884425039850356, "gradient_norm_before_clipping": 0.7093191742897034}
{"event": "EPOCH_COMPLETE", "epoch": 5, "training_loss": 1.0300283364105225, "validation_loss": 0.9341900162696838, "validation_accuracy": 0.70699296875, "training_examples": 100000, "training_tokens": 25600000, "training_seconds": 43.275262114999805, "validation_seconds": 1.4528545069997563, "training_tokens_per_second": 591561.9859671904, "updates": 7815}
{"event": "STEP", "epoch": 6, "update": 7816, "batch": 1, "loss": 1.0265710353851318, "learning_rate": 0.00018841281179987875, "gradient_norm_before_clipping": 0.6495025157928467}
{"event": "STEP", "epoch": 6, "update": 7915, "batch": 100, "loss": 1.0259071588516235, "learning_rate": 0.0001854677448013952, "gradient_norm_before_clipping": 0.5815425515174866}
{"event": "STEP", "epoch": 6, "update": 8015, "batch": 200, "loss": 0.993104100227356, "learning_rate": 0.00018248277742850463, "gradient_norm_before_clipping": 0.6530701518058777}
{"event": "STEP", "epoch": 6, "update": 8115, "batch": 300, "loss": 1.001805067062378, "learning_rate": 0.0001794890906044805, "gradient_norm_before_clipping": 0.5706090927124023}
{"event": "STEP", "epoch": 6, "update": 8215, "batch": 400, "loss": 0.9851933717727661, "learning_rate": 0.0001764881774162238, "gradient_norm_before_clipping": 0.5560415983200073}
{"event": "STEP", "epoch": 6, "update": 8315, "batch": 500, "loss": 1.007458209991455, "learning_rate": 0.0001734815345547499, "gradient_norm_before_clipping": 0.5743182897567749}
{"event": "STEP", "epoch": 6, "update": 8415, "batch": 600, "loss": 1.0075831413269043, "learning_rate": 0.00017047066156872118, "gradient_norm_before_clipping": 0.5745335817337036}
{"event": "STEP", "epoch": 6, "update": 8515, "batch": 700, "loss": 1.003953456878662, "learning_rate": 0.0001674570601165541, "gradient_norm_before_clipping": 0.5728492736816406}
{"event": "STEP", "epoch": 6, "update": 8615, "batch": 800, "loss": 0.9693584442138672, "learning_rate": 0.0001644422332174748, "gradient_norm_before_clipping": 0.5717694759368896}
{"event": "STEP", "epoch": 6, "update": 8715, "batch": 900, "loss": 0.9882844686508179, "learning_rate": 0.00016142768450189487, "gradient_norm_before_clipping": 0.5549473166465759}
{"event": "STEP", "epoch": 6, "update": 8815, "batch": 1000, "loss": 0.9853801131248474, "learning_rate": 0.0001584149174614833, "gradient_norm_before_clipping": 0.5831403136253357}
{"event": "STEP", "epoch": 6, "update": 8915, "batch": 1100, "loss": 0.9823037385940552, "learning_rate": 0.00015540543469930732, "gradient_norm_before_clipping": 0.5617424249649048}
{"event": "STEP", "epoch": 6, "update": 9015, "batch": 1200, "loss": 0.9786517024040222, "learning_rate": 0.00015240073718041596, "gradient_norm_before_clipping": 0.5877194404602051}
{"event": "STEP", "epoch": 6, "update": 9115, "batch": 1300, "loss": 0.9777094721794128, "learning_rate": 0.00014940232348324134, "gradient_norm_before_clipping": 0.6360035538673401}
{"event": "STEP", "epoch": 6, "update": 9215, "batch": 1400, "loss": 1.0042203664779663, "learning_rate": 0.0001464116890521897, "gradient_norm_before_clipping": 0.5816812515258789}
{"event": "STEP", "epoch": 6, "update": 9315, "batch": 1500, "loss": 0.9835880994796753, "learning_rate": 0.00014343032545179564, "gradient_norm_before_clipping": 0.5887554287910461}
{"event": "STEP", "epoch": 6, "update": 9378, "batch": 1563, "loss": 0.9709120988845825, "learning_rate": 0.0001415574960149644, "gradient_norm_before_clipping": 0.7359785437583923}
{"event": "EPOCH_COMPLETE", "epoch": 6, "training_loss": 0.9942182509613037, "validation_loss": 0.9074178087234497, "validation_accuracy": 0.71436875, "training_examples": 100000, "training_tokens": 25600000, "training_seconds": 43.29845827500003, "validation_seconds": 1.4508327309999913, "training_tokens_per_second": 591245.0701456293, "updates": 9378}
{"event": "STEP", "epoch": 7, "update": 9379, "batch": 1, "loss": 0.9891548156738281, "learning_rate": 0.0001415278049990398, "gradient_norm_before_clipping": 0.6216771006584167}
{"event": "STEP", "epoch": 7, "update": 9478, "batch": 100, "loss": 0.9619504809379578, "learning_rate": 0.00013859442866740563, "gradient_norm_before_clipping": 0.5855603218078613}
{"event": "STEP", "epoch": 7, "update": 9578, "batch": 200, "loss": 0.9973492622375488, "learning_rate": 0.00013564453097151288, "gradient_norm_before_clipping": 0.6325181126594543}
{"event": "STEP", "epoch": 7, "update": 9678, "batch": 300, "loss": 0.99578458070755, "learning_rate": 0.00013270927417457012, "gradient_norm_before_clipping": 0.59744793176651}
{"event": "STEP", "epoch": 7, "update": 9778, "batch": 400, "loss": 0.9899138808250427, "learning_rate": 0.00012979012222178344, "gradient_norm_before_clipping": 0.591393232345581}
{"event": "STEP", "epoch": 7, "update": 9878, "batch": 500, "loss": 0.9876562356948853, "learning_rate": 0.0001268885310261454, "gradient_norm_before_clipping": 0.599570631980896}
{"event": "STEP", "epoch": 7, "update": 9978, "batch": 600, "loss": 0.9727093577384949, "learning_rate": 0.00012400594774230535, "gradient_norm_before_clipping": 0.5717242956161499}
{"event": "STEP", "epoch": 7, "update": 10078, "batch": 700, "loss": 0.9825833439826965, "learning_rate": 0.00012114381004480807, "gradient_norm_before_clipping": 0.5984593629837036}
{"event": "STEP", "epoch": 7, "update": 10178, "batch": 800, "loss": 0.9453791975975037, "learning_rate": 0.00011830354541106064, "gradient_norm_before_clipping": 0.570236325263977}
{"event": "STEP", "epoch": 7, "update": 10278, "batch": 900, "loss": 0.9527494311332703, "learning_rate": 0.0001154865704093847, "gradient_norm_before_clipping": 0.5859505534172058}
{"event": "STEP", "epoch": 7, "update": 10378, "batch": 1000, "loss": 0.9632127285003662, "learning_rate": 0.00011269428999251006, "gradient_norm_before_clipping": 0.5405840873718262}
{"event": "STEP", "epoch": 7, "update": 10478, "batch": 1100, "loss": 0.9679524302482605, "learning_rate": 0.00010992809679686095, "gradient_norm_before_clipping": 0.600064218044281}
{"event": "STEP", "epoch": 7, "update": 10578, "batch": 1200, "loss": 0.9766553640365601, "learning_rate": 0.00010718937044798577, "gradient_norm_before_clipping": 0.5960781574249268}
{"event": "STEP", "epoch": 7, "update": 10678, "batch": 1300, "loss": 0.9714527726173401, "learning_rate": 0.0001044794768724751, "gradient_norm_before_clipping": 0.565934956073761}
{"event": "STEP", "epoch": 7, "update": 10778, "batch": 1400, "loss": 0.9449634552001953, "learning_rate": 0.00010179976761671252, "gradient_norm_before_clipping": 0.6564207673072815}
{"event": "STEP", "epoch": 7, "update": 10878, "batch": 1500, "loss": 0.9573688507080078, "learning_rate": 9.915157917279745e-05, "gradient_norm_before_clipping": 0.5626959800720215}
{"event": "STEP", "epoch": 7, "update": 10941, "batch": 1563, "loss": 0.9477081298828125, "learning_rate": 9.750000000000001e-05, "gradient_norm_before_clipping": 0.7887288331985474}
{"event": "EPOCH_COMPLETE", "epoch": 7, "training_loss": 0.9690324114227294, "validation_loss": 0.8897147163391114, "validation_accuracy": 0.720268359375, "training_examples": 100000, "training_tokens": 25600000, "training_seconds": 43.290221191, "validation_seconds": 1.450618361999659, "training_tokens_per_second": 591357.5698089114, "updates": 10941}
{"event": "STEP", "epoch": 8, "update": 10942, "batch": 1, "loss": 0.9246547222137451, "learning_rate": 9.74738913280208e-05, "gradient_norm_before_clipping": 0.5843696594238281}
{"event": "STEP", "epoch": 8, "update": 11041, "batch": 100, "loss": 0.9606932401657104, "learning_rate": 9.490601414085506e-05, "gradient_norm_before_clipping": 0.5806677341461182}
{"event": "STEP", "epoch": 8, "update": 11141, "batch": 200, "loss": 0.9737344980239868, "learning_rate": 9.234698731993814e-05, "gradient_norm_before_clipping": 0.551429808139801}
{"event": "STEP", "epoch": 8, "update": 11241, "batch": 300, "loss": 0.9515701532363892, "learning_rate": 8.982419583956466e-05, "gradient_norm_before_clipping": 0.6183256506919861}
{"event": "STEP", "epoch": 8, "update": 11341, "batch": 400, "loss": 0.9594168066978455, "learning_rate": 8.733889792984858e-05, "gradient_norm_before_clipping": 0.6751150488853455}
{"event": "STEP", "epoch": 8, "update": 11441, "batch": 500, "loss": 0.9628940224647522, "learning_rate": 8.489233312116551e-05, "gradient_norm_before_clipping": 0.5582191944122314}
{"event": "STEP", "epoch": 8, "update": 11541, "batch": 600, "loss": 0.9341455698013306, "learning_rate": 8.248572162594366e-05, "gradient_norm_before_clipping": 0.5360329747200012}
{"event": "STEP", "epoch": 8, "update": 11641, "batch": 700, "loss": 0.9354051351547241, "learning_rate": 8.012026373008802e-05, "gradient_norm_before_clipping": 0.5604640245437622}
{"event": "STEP", "epoch": 8, "update": 11741, "batch": 800, "loss": 0.9408319592475891, "learning_rate": 7.779713919434401e-05, "gradient_norm_before_clipping": 0.5670768022537231}
{"event": "STEP", "epoch": 8, "update": 11841, "batch": 900, "loss": 0.924418568611145, "learning_rate": 7.551750666589754e-05, "gradient_norm_before_clipping": 0.5424555540084839}
{"event": "STEP", "epoch": 8, "update": 11941, "batch": 1000, "loss": 0.9465729594230652, "learning_rate": 7.328250310050475e-05, "gradient_norm_before_clipping": 0.5697541832923889}
{"event": "STEP", "epoch": 8, "update": 12041, "batch": 1100, "loss": 0.9317911863327026, "learning_rate": 7.109324319544155e-05, "gradient_norm_before_clipping": 0.5927344560623169}
{"event": "STEP", "epoch": 8, "update": 12141, "batch": 1200, "loss": 0.9391912221908569, "learning_rate": 6.895081883355297e-05, "gradient_norm_before_clipping": 0.5358213186264038}
{"event": "STEP", "epoch": 8, "update": 12241, "batch": 1300, "loss": 0.9517043828964233, "learning_rate": 6.68562985386826e-05, "gradient_norm_before_clipping": 0.5395573377609253}
{"event": "STEP", "epoch": 8, "update": 12341, "batch": 1400, "loss": 0.9531306624412537, "learning_rate": 6.481072694275065e-05, "gradient_norm_before_clipping": 0.5578805208206177}
{"event": "STEP", "epoch": 8, "update": 12441, "batch": 1500, "loss": 0.9401981830596924, "learning_rate": 6.281512426474955e-05, "gradient_norm_before_clipping": 0.5886721014976501}
{"event": "STEP", "epoch": 8, "update": 12504, "batch": 1563, "loss": 0.9526453018188477, "learning_rate": 6.158400017893797e-05, "gradient_norm_before_clipping": 0.7291011810302734}
{"event": "EPOCH_COMPLETE", "epoch": 8, "training_loss": 0.9515139916992188, "validation_loss": 0.87672629737854, "validation_accuracy": 0.724039453125, "training_examples": 100000, "training_tokens": 25600000, "training_seconds": 43.30981089600027, "validation_seconds": 1.4566369559997838, "training_tokens_per_second": 591090.0895289801, "updates": 12504}
{"event": "STEP", "epoch": 9, "update": 12505, "batch": 1, "loss": 0.929806113243103, "learning_rate": 6.156462294206789e-05, "gradient_norm_before_clipping": 0.5481700301170349}
{"event": "STEP", "epoch": 9, "update": 12604, "batch": 100, "loss": 0.9719201326370239, "learning_rate": 5.96719687859738e-05, "gradient_norm_before_clipping": 0.6238502860069275}
{"event": "STEP", "epoch": 9, "update": 12704, "batch": 200, "loss": 0.9373784065246582, "learning_rate": 5.781246924184878e-05, "gradient_norm_before_clipping": 0.5598844885826111}
{"event": "STEP", "epoch": 9, "update": 12804, "batch": 300, "loss": 0.9540126919746399, "learning_rate": 5.600642896301458e-05, "gradient_norm_before_clipping": 0.5509139895439148}
{"event": "STEP", "epoch": 9, "update": 12904, "batch": 400, "loss": 0.9447312355041504, "learning_rate": 5.4254748703371435e-05, "gradient_norm_before_clipping": 0.552817702293396}
{"event": "STEP", "epoch": 9, "update": 13004, "batch": 500, "loss": 0.9298713803291321, "learning_rate": 5.25583021050217e-05, "gradient_norm_before_clipping": 0.5830977559089661}
{"event": "STEP", "epoch": 9, "update": 13104, "batch": 600, "loss": 0.907492995262146, "learning_rate": 5.0917935262544616e-05, "gradient_norm_before_clipping": 0.5242722034454346}
{"event": "STEP", "epoch": 9, "update": 13204, "batch": 700, "loss": 0.9123548269271851, "learning_rate": 4.933446630101127e-05, "gradient_norm_before_clipping": 0.5430095195770264}
{"event": "STEP", "epoch": 9, "update": 13304, "batch": 800, "loss": 0.9226443767547607, "learning_rate": 4.780868496794811e-05, "gradient_norm_before_clipping": 0.6025092601776123}
{"event": "STEP", "epoch": 9, "update": 13404, "batch": 900, "loss": 0.941504955291748, "learning_rate": 4.6341352239454586e-05, "gradient_norm_before_clipping": 0.5844089388847351}
{"event": "STEP", "epoch": 9, "update": 13504, "batch": 1000, "loss": 0.9545202255249023, "learning_rate": 4.493319994066975e-05, "gradient_norm_before_clipping": 0.5687227845191956}
{"event": "STEP", "epoch": 9, "update": 13604, "batch": 1100, "loss": 0.9057962894439697, "learning_rate": 4.3584930380778036e-05, "gradient_norm_before_clipping": 0.539962649345398}
{"event": "STEP", "epoch": 9, "update": 13704, "batch": 1200, "loss": 0.9289730787277222, "learning_rate": 4.229721600273602e-05, "gradient_norm_before_clipping": 0.5571759343147278}
{"event": "STEP", "epoch": 9, "update": 13804, "batch": 1300, "loss": 0.9374874830245972, "learning_rate": 4.107069904789454e-05, "gradient_norm_before_clipping": 0.5842055678367615}
{"event": "STEP", "epoch": 9, "update": 13904, "batch": 1400, "loss": 0.9219647645950317, "learning_rate": 3.9905991235684196e-05, "gradient_norm_before_clipping": 0.5846775770187378}
{"event": "STEP", "epoch": 9, "update": 14004, "batch": 1500, "loss": 0.9312835931777954, "learning_rate": 3.880367345852285e-05, "gradient_norm_before_clipping": 0.5772401094436646}
{"event": "STEP", "epoch": 9, "update": 14067, "batch": 1563, "loss": 0.9248033761978149, "learning_rate": 3.814149619390238e-05, "gradient_norm_before_clipping": 0.783337414264679}
{"event": "EPOCH_COMPLETE", "epoch": 9, "training_loss": 0.9396711262130737, "validation_loss": 0.8690452796936036, "validation_accuracy": 0.72629921875, "training_examples": 100000, "training_tokens": 25600000, "training_seconds": 43.28321656299977, "validation_seconds": 1.4590762289999475, "training_tokens_per_second": 591453.2706398699, "updates": 14067}
{"event": "STEP", "epoch": 10, "update": 14068, "batch": 1, "loss": 0.9312499761581421, "learning_rate": 3.813118757288544e-05, "gradient_norm_before_clipping": 0.5524151921272278}
{"event": "STEP", "epoch": 10, "update": 14167, "batch": 100, "loss": 0.9058142900466919, "learning_rate": 3.714203847168842e-05, "gradient_norm_before_clipping": 0.5700222253799438}
{"event": "STEP", "epoch": 10, "update": 14267, "batch": 200, "loss": 0.9340935945510864, "learning_rate": 3.620634929266728e-05, "gradient_norm_before_clipping": 0.5961606502532959}
{"event": "STEP", "epoch": 10, "update": 14367, "batch": 300, "loss": 0.9239757061004639, "learning_rate": 3.533489532731547e-05, "gradient_norm_before_clipping": 0.5347467064857483}
{"event": "STEP", "epoch": 10, "update": 14467, "batch": 400, "loss": 0.9495217800140381, "learning_rate": 3.452811120910565e-05, "gradient_norm_before_clipping": 0.5702188611030579}
{"event": "STEP", "epoch": 10, "update": 14567, "batch": 500, "loss": 0.9407744407653809, "learning_rate": 3.378639931773539e-05, "gradient_norm_before_clipping": 0.5472136735916138}
{"event": "STEP", "epoch": 10, "update": 14667, "batch": 600, "loss": 0.9107056856155396, "learning_rate": 3.311012957844216e-05, "gradient_norm_before_clipping": 0.5629181861877441}
{"event": "STEP", "epoch": 10, "update": 14767, "batch": 700, "loss": 0.9086642861366272, "learning_rate": 3.249963927750491e-05, "gradient_norm_before_clipping": 0.5468243956565857}
{"event": "STEP", "epoch": 10, "update": 14867, "batch": 800, "loss": 0.8946078419685364, "learning_rate": 3.1955232894024224e-05, "gradient_norm_before_clipping": 0.5575274229049683}
{"event": "STEP", "epoch": 10, "update": 14967, "batch": 900, "loss": 0.9664579629898071, "learning_rate": 3.147718194806472e-05, "gradient_norm_before_clipping": 0.5500240921974182}
{"event": "STEP", "epoch": 10, "update": 15067, "batch": 1000, "loss": 0.93055260181427, "learning_rate": 3.106572486523581e-05, "gradient_norm_before_clipping": 0.5741176605224609}
{"event": "STEP", "epoch": 10, "update": 15167, "batch": 1100, "loss": 0.9317376613616943, "learning_rate": 3.072106685777806e-05, "gradient_norm_before_clipping": 0.5976927280426025}
{"event": "STEP", "epoch": 10, "update": 15267, "batch": 1200, "loss": 0.9301774501800537, "learning_rate": 3.044337982221456e-05, "gradient_norm_before_clipping": 0.5379626750946045}
{"event": "STEP", "epoch": 10, "update": 15367, "batch": 1300, "loss": 0.9631752371788025, "learning_rate": 3.023280225361835e-05, "gradient_norm_before_clipping": 0.5994448065757751}
{"event": "STEP", "epoch": 10, "update": 15467, "batch": 1400, "loss": 0.9116417169570923, "learning_rate": 3.008943917653869e-05, "gradient_norm_before_clipping": 0.5467425584793091}
{"event": "STEP", "epoch": 10, "update": 15567, "batch": 1500, "loss": 0.9291113018989563, "learning_rate": 3.0013362092620545e-05, "gradient_norm_before_clipping": 0.5426942110061646}
{"event": "STEP", "epoch": 10, "update": 15630, "batch": 1563, "loss": 0.8775334358215332, "learning_rate": 3e-05, "gradient_norm_before_clipping": 0.7548219561576843}
{"event": "EPOCH_COMPLETE", "epoch": 10, "training_loss": 0.9326997169876099, "validation_loss": 0.8637519218444825, "validation_accuracy": 0.72780625, "training_examples": 100000, "training_tokens": 25600000, "training_seconds": 43.36472966100018, "validation_seconds": 1.458167610000146, "training_tokens_per_second": 590341.5102578908, "updates": 15630}
{"event": "TRAINING_COMPLETE", "epochs_completed": 10, "training_tokens": 256000000}
{"event": "RUN_END", "stage": "training"}
