BASELINE TRAINING RAW LOG
training_start_utc=2026-09-25T00:32:11.737132+00:00
model=baseline_mean_pool
architecture=learned_embedding_masked_mean_linear
training_seed=20260924
device=cuda
gpu=NVIDIA GeForce RTX 3060 Laptop GPU
mixed_precision=True
training_examples=504000
validation_examples=56000
batch_size=512
maximum_epochs=5
learning_rate=0.001
minimum_learning_rate=1e-05
weight_decay=0.0001
warmup_ratio=0.05
gradient_clip_norm=1.0
early_stopping_patience=2
model_selection_metric=validation_macro_f1
decision_threshold=0.5
official_test_used=False

Epoch 1/5 | train_loss=0.345540 | val_loss=0.217363 | val_accuracy=0.919518 | val_macro_f1=0.919518 | train_examples_per_second=32723.38 | checkpoint_improved=True
Epoch 2/5 | train_loss=0.197928 | val_loss=0.205121 | val_accuracy=0.925357 | val_macro_f1=0.925357 | train_examples_per_second=40071.28 | checkpoint_improved=True
Epoch 3/5 | train_loss=0.185921 | val_loss=0.203475 | val_accuracy=0.925696 | val_macro_f1=0.925696 | train_examples_per_second=39030.54 | checkpoint_improved=True
Epoch 4/5 | train_loss=0.180369 | val_loss=0.203303 | val_accuracy=0.926089 | val_macro_f1=0.926089 | train_examples_per_second=35417.47 | checkpoint_improved=True
Epoch 5/5 | train_loss=0.177228 | val_loss=0.203508 | val_accuracy=0.925982 | val_macro_f1=0.925981 | train_examples_per_second=35939.98 | checkpoint_improved=False

TRAINING COMPLETED
epochs_executed=5
best_epoch=4
best_validation_macro_f1=0.9260889953260559
total_training_wall_seconds=72.6784261999419
training_end_utc=2026-09-25T00:33:24.416188+00:00

BEST CHECKPOINT VALIDATION RECHECK COMPLETED
best_checkpoint=task2_sentiment\Anshika_Goel\checkpoints\baseline_mean_pool_best.pt
best_checkpoint_sha256=4ba3b1585ff34e40cf26d74dd7a56f59d38fc8010e795046772472bf72bae724
best_validation_macro_f1_recheck=0.9260889953260559
peak_gpu_allocated_mb=269.08642578125
peak_gpu_reserved_mb=308.0
BASELINE TRAINING ARTIFACTS WRITTEN
OFFICIAL TEST SET REMAINS UNTOUCHED
